#ifndef APPROVAL_TESTS_CPP_APPROVALS_HPP
#define APPROVAL_TESTS_CPP_APPROVALS_HPP

// This file is machine-generated. Do not edit.

#include "ApprovalTests/reporters/DiffInfo.h"
#include "ApprovalTests/reporters/DiffPrograms.h"
#include "ApprovalTests/core/Reporter.h"
#include "ApprovalTests/reporters/ConvertForCygwin.h"
#include "ApprovalTests/launchers/CommandLauncher.h"
#include "ApprovalTests/reporters/CommandReporter.h"
#include "ApprovalTests/ApprovalsMacroDefaults.h"
#include "ApprovalTests/utilities/Macros.h"
#include "ApprovalTests/utilities/WinMinGWUtils.h"
#include "ApprovalTests/utilities/FileUtils.h"
#include "ApprovalTests/utilities/StringMaker.h"
#include "ApprovalTests/utilities/StringUtils.h"
#include "ApprovalTests/utilities/SystemUtils.h"
#include "ApprovalTests/launchers/SystemLauncher.h"
#include "ApprovalTests/reporters/GenericDiffReporter.h"
#include "ApprovalTests/reporters/QuietReporter.h"
#include "ApprovalTests/reporters/TextDiffReporter.h"
#include "ApprovalTests/utilities/Blocker.h"
#include "ApprovalTests/utilities/MachineBlocker.h"
#include "ApprovalTests/reporters/AutoApproveReporter.h"
#include "ApprovalTests/core/ApprovalNamer.h"
#include "ApprovalTests/namers/ApprovalTestNamer.h"
#include "ApprovalTests/namers/SectionNameDisposer.h"
#include "ApprovalTests/integrations/google/GoogleCustomizationsFactory.h"
#include "ApprovalTests/integrations/fmt/FmtToString.h"
#include "ApprovalTests/utilities/MoreHelpMessages.h"
#include "ApprovalTests/utilities/CartesianProduct.h"
#include "ApprovalTests/reporters/DefaultReporter.h"
#include "ApprovalTests/namers/ExistingFileNamer.h"
#include "ApprovalTests/core/ApprovalWriter.h"
#include "ApprovalTests/scrubbers/Scrubbers.h"
#include "ApprovalTests/core/Options.h"
#include "ApprovalTests/writers/ExistingFile.h"
#include "ApprovalTests/reporters/FirstWorkingReporter.h"
#include "ApprovalTests/reporters/DefaultFrontLoadedReporter.h"
#include "ApprovalTests/reporters/FrontLoadedReporterFactory.h"
#include "ApprovalTests/reporters/FrontLoadedReporterDisposer.h"
#include "ApprovalTests/reporters/DefaultReporterFactory.h"
#include "ApprovalTests/reporters/DefaultReporterDisposer.h"
#include "ApprovalTests/namers/SubdirectoryDisposer.h"
#include "ApprovalTests/namers/DefaultNamerFactory.h"
#include "ApprovalTests/namers/DefaultNamerDisposer.h"
#include "ApprovalTests/writers/StringWriter.h"
#include "ApprovalTests/core/ApprovalComparator.h"
#include "ApprovalTests/comparators/ComparatorDisposer.h"
#include "ApprovalTests/comparators/ComparatorFactory.h"
#include "ApprovalTests/core/FileApprover.h"
#include "ApprovalTests/ApprovalTestsVersion.h"
#include "ApprovalTests/Approvals.h"
#include "ApprovalTests/CombinationApprovals.h"
#include "ApprovalTests/comparators/TextFileComparator.h"
#include "ApprovalTests/core/ApprovalException.h"
#include "ApprovalTests/integrations/CheckFileMacroIsAbsolute.h"
#include "ApprovalTests/integrations/boost_test/BoostTestApprovals.h"
#include "ApprovalTests/integrations/catch/Catch2Approvals.h"
#include "ApprovalTests/integrations/doctest/DocTestApprovals.h"
#include "ApprovalTests/integrations/fmt/FmtApprovals.h"
#include "ApprovalTests/integrations/google/GoogleConfiguration.h"
#include "ApprovalTests/integrations/google/GoogleTestApprovals.h"
#include "ApprovalTests/integrations/ut/UTApprovals.h"
#include "ApprovalTests/namers/HelpMessages.h"
#include "ApprovalTests/namers/NamerFactory.h"
#include "ApprovalTests/namers/SeparateApprovedAndReceivedDirectoriesNamer.h"
#include "ApprovalTests/reporters/AutoApproveIfMissingReporter.h"
#include "ApprovalTests/reporters/BlockingReporter.h"
#include "ApprovalTests/reporters/CIBuildOnlyReporter.h"
#include "ApprovalTests/reporters/CIBuildOnlyReporterUtils.h"
#include "ApprovalTests/reporters/ClipboardReporter.h"
#include "ApprovalTests/reporters/CombinationReporter.h"
#include "ApprovalTests/reporters/CustomReporter.h"
#include "ApprovalTests/reporters/DiffReporter.h"
#include "ApprovalTests/reporters/LinuxReporters.h"
#include "ApprovalTests/reporters/MacReporters.h"
#include "ApprovalTests/reporters/WindowsReporters.h"
#include "ApprovalTests/utilities/ExceptionCollector.h"
#include "ApprovalTests/utilities/FileUtilsSystemSpecific.h"

#ifdef APPROVAL_TESTS_INCLUDE_CPPS
// Cpp files will be included in the single-header file here
#include "ApprovalTests/comparators/ComparatorDisposer.cpp"
#include "ApprovalTests/comparators/ComparatorFactory.cpp"
#include "ApprovalTests/comparators/TextFileComparator.cpp"
#include "ApprovalTests/core/ApprovalException.cpp"
#include "ApprovalTests/core/FileApprover.cpp"
#include "ApprovalTests/core/Options.cpp"
#include "ApprovalTests/integrations/google/GoogleConfiguration.cpp"
#include "ApprovalTests/integrations/google/GoogleCustomizationsFactory.cpp"
#include "ApprovalTests/launchers/SystemLauncher.cpp"
#include "ApprovalTests/namers/ApprovalTestNamer.cpp"
#include "ApprovalTests/namers/DefaultNamerDisposer.cpp"
#include "ApprovalTests/namers/DefaultNamerFactory.cpp"
#include "ApprovalTests/namers/ExistingFileNamer.cpp"
#include "ApprovalTests/namers/HelpMessages.cpp"
#include "ApprovalTests/namers/NamerFactory.cpp"
#include "ApprovalTests/namers/SectionNameDisposer.cpp"
#include "ApprovalTests/namers/SeparateApprovedAndReceivedDirectoriesNamer.cpp"
#include "ApprovalTests/namers/SubdirectoryDisposer.cpp"
#include "ApprovalTests/reporters/AutoApproveIfMissingReporter.cpp"
#include "ApprovalTests/reporters/AutoApproveReporter.cpp"
#include "ApprovalTests/reporters/BlockingReporter.cpp"
#include "ApprovalTests/reporters/CIBuildOnlyReporter.cpp"
#include "ApprovalTests/reporters/CIBuildOnlyReporterUtils.cpp"
#include "ApprovalTests/reporters/ClipboardReporter.cpp"
#include "ApprovalTests/reporters/CombinationReporter.cpp"
#include "ApprovalTests/reporters/CommandReporter.cpp"
#include "ApprovalTests/reporters/ConvertForCygwin.cpp"
#include "ApprovalTests/reporters/CustomReporter.cpp"
#include "ApprovalTests/reporters/DefaultFrontLoadedReporter.cpp"
#include "ApprovalTests/reporters/DefaultReporter.cpp"
#include "ApprovalTests/reporters/DefaultReporterDisposer.cpp"
#include "ApprovalTests/reporters/DefaultReporterFactory.cpp"
#include "ApprovalTests/reporters/DiffInfo.cpp"
#include "ApprovalTests/reporters/DiffPrograms.cpp"
#include "ApprovalTests/reporters/DiffReporter.cpp"
#include "ApprovalTests/reporters/FirstWorkingReporter.cpp"
#include "ApprovalTests/reporters/FrontLoadedReporterDisposer.cpp"
#include "ApprovalTests/reporters/FrontLoadedReporterFactory.cpp"
#include "ApprovalTests/reporters/GenericDiffReporter.cpp"
#include "ApprovalTests/reporters/LinuxReporters.cpp"
#include "ApprovalTests/reporters/MacReporters.cpp"
#include "ApprovalTests/reporters/QuietReporter.cpp"
#include "ApprovalTests/reporters/TextDiffReporter.cpp"
#include "ApprovalTests/reporters/WindowsReporters.cpp"
#include "ApprovalTests/scrubbers/Scrubbers.cpp"
#include "ApprovalTests/utilities/ExceptionCollector.cpp"
#include "ApprovalTests/utilities/FileUtils.cpp"
#include "ApprovalTests/utilities/FileUtilsSystemSpecific.cpp"
#include "ApprovalTests/utilities/MachineBlocker.cpp"
#include "ApprovalTests/utilities/MoreHelpMessages.cpp"
#include "ApprovalTests/utilities/StringUtils.cpp"
#include "ApprovalTests/utilities/SystemUtils.cpp"
#include "ApprovalTests/writers/ExistingFile.cpp"
#include "ApprovalTests/writers/StringWriter.cpp"
#endif // APPROVAL_TESTS_INCLUDE_CPPS

#endif // APPROVAL_TESTS_CPP_APPROVALS_HPP
