Here is some text
  1. with some indentation
  2. and more
    a. even more
  3. little less
