"/Applications/Sublime Merge.app/Contents/SharedSupport/bin/smerge" mergetool --no-wait "r.txt" "a.txt" -o "a.txt" &
