Kaleidoscope => Mac::KaleidoscopeReporter
 Kaleidoscope => Mac::KaleidoscopeReporter
Kaleidoscope  => Mac::KaleidoscopeReporter
 Kaleidoscope  => Mac::KaleidoscopeReporter

