[0] = AutoApproveIfMissingReporter
[1] = AutoApproveReporter
[2] = CIBuildOnlyReporter
[3] = ClipboardReporter
[4] = DefaultFrontLoadedReporter
[5] = DefaultReporter
[6] = DiffReporter
[7] = EnvironmentVariableReporter
[8] = Linux::BeyondCompareReporter
[9] = Linux::KDiff3Reporter
[10] = Linux::MeldReporter
[11] = Linux::SublimeMergeReporter
[12] = Mac::AraxisMergeReporter
[13] = Mac::BeyondCompareReporter
[14] = Mac::CLionDiffReporter
[15] = Mac::DiffMergeReporter
[16] = Mac::KDiff3Reporter
[17] = Mac::KaleidoscopeReporter
[18] = Mac::P4MergeReporter
[19] = Mac::SublimeMergeReporter
[20] = Mac::TkDiffReporter
[21] = Mac::VisualStudioCodeReporter
[22] = QuietReporter
[23] = TextDiffReporter
[24] = Windows::AraxisMergeReporter
[25] = Windows::BeyondCompareReporter
[26] = Windows::CodeCompareReporter
[27] = Windows::KDiff3Reporter
[28] = Windows::SublimeMergeReporter
[29] = Windows::TortoiseDiffReporter
[30] = Windows::TortoiseGitDiffReporter
[31] = Windows::VisualStudioCodeReporter
[32] = Windows::WinMergeReporter

