
        static void verify(std::string contents, const Reporter& reporter)
    
