Here is my exception message - called with Options
