(From StringMaker, From StringMaker) => placeholder
(From StringMaker, From StringMaker) => placeholder

