(1, 20) => placeholder
(1, 21) => placeholder
(2, 20) => placeholder
(2, 21) => placeholder
(3, 20) => placeholder
(3, 21) => placeholder
(4, 20) => placeholder
(4, 21) => placeholder

